// 重构日志: 25819ff1
// 重构日志: 0bdb8ed9
// 重构日志: 24ee3c18
// 重构日志: 288eceaa
// 重构日志: 5d67318f
// 重构日志: 3d6a8f76
// 同步 ID: 76049abb @ Sun Jul 26 14:28:04 UTC 2026
// 同步 ID: a73197bf @ Wed Jul 29 13:57:10 UTC 2026
// 重构日志: 3c5aec71
// 重构日志: 01e59537
// 重构日志: d95aaa39
// 同步 ID: 18a39877 @ Fri Jul 31 13:42:58 UTC 2026
// 同步 ID: 6b37e9d7 @ Sat Aug  1 16:46:18 UTC 2026
// 同步 ID: cef66e66 @ Sun Aug  2 01:13:58 UTC 2026
// 同步 ID: cd4dd843 @ Sun Aug  2 17:08:55 UTC 2026
// 重构日志: 541aa756
// 重构日志: 79caa2b6
// 同步 ID: a4d3f472 @ Mon Aug  3 00:18:10 UTC 2026
// 同步 ID: 23042d14 @ Mon Aug  3 01:46:18 UTC 2026
// 同步 ID: c7635f50 @ Mon Aug  3 13:29:53 UTC 2026
// 重构日志: 7b88c33b
// 同步 ID: fd6a73e8 @ Wed Aug  5 05:33:08 UTC 2026
// 同步 ID: b35d0241 @ Fri Aug  7 07:22:14 UTC 2026
// 同步 ID: 0d26d815 @ Fri Aug  7 14:21:54 UTC 2026
// 重构日志: 3ac5f198
// 重构日志: 53a0143d
// 重构日志: a08f6c1c
// 同步 ID: d807ebf4 @ Sat Aug  8 04:21:25 UTC 2026
// 重构日志: b69253ca
// 同步 ID: f691de53 @ Sat Aug  8 09:33:06 UTC 2026
